// Jest Snapshot v1, https://goo.gl/fbAQLP

exports[`SettingItem tests SettingItem snapshot test 1`] = `
<View
  style={
    [
      {
        "backgroundColor": "#FFFFFF",
        "flexBasis": 0,
        "flexGrow": 1,
        "flexShrink": 1,
        "minHeight": 600,
        "paddingBottom": 16,
        "paddingLeft": 16,
        "paddingRight": 16,
        "paddingTop": 16,
      },
    ]
  }
>
  <Text
    fontFamily="Rubik-Bold"
    fontSize={20}
    lineHeight={26}
    style={
      [
        {
          "color": "#2C2C2C",
          "fontFamily": "Rubik-Bold",
          "fontSize": 20,
          "lineHeight": 26,
        },
        {
          "marginBottom": 24,
        },
      ]
    }
  >
    SettingItem:
  </Text>
  <View
    style={
      [
        {
          "borderColor": "#2C2C2C",
          "borderRadius": 4,
          "borderStyle": "dashed",
          "borderWidth": 1,
          "marginBottom": 24,
          "marginLeft": 24,
          "marginRight": 24,
          "marginTop": 24,
          "paddingBottom": 16,
          "paddingLeft": 16,
          "paddingRight": 16,
          "paddingTop": 16,
          "width": 370,
        },
      ]
    }
    width={370}
  >
    <View
      style={
        [
          {
            "alignItems": "center",
            "backgroundColor": "#FFFFFF",
            "flexDirection": "row",
            "minHeight": 60,
            "paddingBottom": 16,
            "paddingLeft": 16,
            "paddingRight": 16,
            "paddingTop": 16,
          },
        ]
      }
    >
      <View
        style={
          [
            {
              "flexBasis": 0,
              "flexGrow": 1,
              "flexShrink": 1,
              "paddingRight": 8,
            },
          ]
        }
      >
        <Text
          fontFamily="Rubik-Bold"
          fontSize={16}
          lineHeight={20}
          numberOfLines={2}
          style={
            [
              {
                "color": "#2C2C2C",
                "fontFamily": "Rubik-Bold",
                "fontSize": 16,
                "lineHeight": 20,
              },
            ]
          }
        >
          Likes
        </Text>
        <Text
          fontFamily="Rubik-SemiBold"
          fontSize={14}
          lineHeight={20}
          numberOfLines={2}
          style={
            [
              {
                "color": "#2C2C2C",
                "fontFamily": "Rubik-SemiBold",
                "fontSize": 14,
                "lineHeight": 20,
              },
              {
                "color": "#C7C7D2",
                "paddingTop": 4,
              },
            ]
          }
        >
          Someone liked your photos
        </Text>
      </View>
      <View
        accessibilityState={
          {
            "disabled": false,
          }
        }
        accessible={true}
        collapsable={false}
        focusable={true}
        onClick={[Function]}
        onResponderGrant={[Function]}
        onResponderMove={[Function]}
        onResponderRelease={[Function]}
        onResponderTerminate={[Function]}
        onResponderTerminationRequest={[Function]}
        onStartShouldSetResponder={[Function]}
        style={
          {
            "backgroundColor": "#DEDFE0",
            "borderRadius": 20,
            "height": 40,
            "opacity": 1,
            "paddingBottom": 8,
            "paddingLeft": 8,
            "paddingRight": 8,
            "paddingTop": 8,
            "width": 56,
          }
        }
      >
        <View
          collapsable={false}
          size={24}
          style={
            {
              "backgroundColor": "#FFFFFF",
              "borderRadius": 12,
              "elevation": 2,
              "height": 24,
              "shadowColor": "#2C2C2C",
              "shadowOffset": {
                "height": 2,
                "width": 0,
              },
              "shadowOpacity": 0.1,
              "transform": [
                {
                  "translateX": 0,
                },
              ],
              "width": 24,
            }
          }
        />
      </View>
    </View>
  </View>
  <View
    style={
      [
        {
          "borderColor": "#2C2C2C",
          "borderRadius": 4,
          "borderStyle": "dashed",
          "borderWidth": 1,
          "marginBottom": 24,
          "marginLeft": 24,
          "marginRight": 24,
          "marginTop": 24,
          "paddingBottom": 16,
          "paddingLeft": 16,
          "paddingRight": 16,
          "paddingTop": 16,
          "width": 370,
        },
      ]
    }
    width={370}
  >
    <View
      style={
        [
          {
            "alignItems": "center",
            "backgroundColor": "#FFFFFF",
            "flexDirection": "row",
            "minHeight": 60,
            "paddingBottom": 16,
            "paddingLeft": 16,
            "paddingRight": 16,
            "paddingTop": 16,
          },
        ]
      }
    >
      <View
        style={
          [
            {
              "flexBasis": 0,
              "flexGrow": 1,
              "flexShrink": 1,
              "paddingRight": 8,
            },
          ]
        }
      >
        <Text
          fontFamily="Rubik-Bold"
          fontSize={16}
          lineHeight={20}
          numberOfLines={2}
          style={
            [
              {
                "color": "#2C2C2C",
                "fontFamily": "Rubik-Bold",
                "fontSize": 16,
                "lineHeight": 20,
              },
            ]
          }
        >
          Likes
        </Text>
        <Text
          fontFamily="Rubik-SemiBold"
          fontSize={14}
          lineHeight={20}
          numberOfLines={2}
          style={
            [
              {
                "color": "#2C2C2C",
                "fontFamily": "Rubik-SemiBold",
                "fontSize": 14,
                "lineHeight": 20,
              },
              {
                "color": "#C7C7D2",
                "paddingTop": 4,
              },
            ]
          }
        >
          Someone liked your photos
        </Text>
      </View>
      <View
        accessibilityState={
          {
            "disabled": false,
          }
        }
        accessible={true}
        collapsable={false}
        focusable={true}
        onClick={[Function]}
        onResponderGrant={[Function]}
        onResponderMove={[Function]}
        onResponderRelease={[Function]}
        onResponderTerminate={[Function]}
        onResponderTerminationRequest={[Function]}
        onStartShouldSetResponder={[Function]}
        style={
          {
            "backgroundColor": "#4D37D9",
            "borderRadius": 20,
            "height": 40,
            "opacity": 1,
            "paddingBottom": 8,
            "paddingLeft": 8,
            "paddingRight": 8,
            "paddingTop": 8,
            "width": 56,
          }
        }
      >
        <View
          collapsable={false}
          size={24}
          style={
            {
              "backgroundColor": "#FFFFFF",
              "borderRadius": 12,
              "elevation": 2,
              "height": 24,
              "shadowColor": "#2C2C2C",
              "shadowOffset": {
                "height": 2,
                "width": 0,
              },
              "shadowOpacity": 0.1,
              "transform": [
                {
                  "translateX": 16,
                },
              ],
              "width": 24,
            }
          }
        />
      </View>
    </View>
  </View>
</View>
`;
