// Jest Snapshot v1, https://goo.gl/fbAQLP

exports[`Dropdown Picker tests DropDownPicker snapshot test 1`] = `
<View
  style={
    [
      {
        "backgroundColor": "#FFFFFF",
        "flexBasis": 0,
        "flexGrow": 1,
        "flexShrink": 1,
        "minHeight": 600,
        "paddingBottom": 16,
        "paddingLeft": 16,
        "paddingRight": 16,
        "paddingTop": 16,
      },
    ]
  }
>
  <Text
    fontFamily="Rubik-Bold"
    fontSize={20}
    lineHeight={26}
    style={
      [
        {
          "color": "#2C2C2C",
          "fontFamily": "Rubik-Bold",
          "fontSize": 20,
          "lineHeight": 26,
        },
        {
          "marginBottom": 24,
        },
      ]
    }
  >
    DropDownPicker:
  </Text>
  <View
    style={
      [
        {
          "flexDirection": "row",
        },
      ]
    }
  >
    <View
      style={
        [
          {
            "borderColor": "#2C2C2C",
            "borderRadius": 4,
            "borderStyle": "dashed",
            "borderWidth": 1,
            "marginBottom": 24,
            "marginLeft": 24,
            "marginRight": 24,
            "marginTop": 24,
            "paddingBottom": 16,
            "paddingLeft": 16,
            "paddingRight": 16,
            "paddingTop": 16,
            "width": 370,
          },
        ]
      }
      width={370}
    >
      <Text
        fontFamily="Rubik-Bold"
        fontSize={16}
        lineHeight={20}
        style={
          [
            {
              "color": "#2C2C2C",
              "fontFamily": "Rubik-Bold",
              "fontSize": 16,
              "lineHeight": 20,
            },
            {
              "backgroundColor": "#DEDFE0",
              "left": 16,
              "paddingHorizontal": 8,
              "position": "absolute",
              "top": -12,
            },
          ]
        }
      >
        Loading List
      </Text>
      <View
        style={
          [
            {
              "width": 300,
            },
          ]
        }
        width={300}
      >
        <View
          onLayout={[Function]}
          style={
            [
              {
                "alignItems": "flex-start",
                "justifyContent": "flex-start",
              },
            ]
          }
        >
          <View
            accessibilityState={
              {
                "disabled": false,
              }
            }
            accessible={true}
            collapsable={false}
            color="rgba(199,199,210,0.5)"
            editable={true}
            focusable={true}
            onBlur={[Function]}
            onClick={[Function]}
            onFocus={[Function]}
            onResponderGrant={[Function]}
            onResponderMove={[Function]}
            onResponderRelease={[Function]}
            onResponderTerminate={[Function]}
            onResponderTerminationRequest={[Function]}
            onStartShouldSetResponder={[Function]}
            style={
              [
                {
                  "alignItems": "center",
                  "backgroundColor": "#FFFFFF",
                  "borderColor": "rgba(199,199,210,0.5)",
                  "borderRadius": 7,
                  "borderWidth": 1,
                  "flexDirection": "row",
                  "justifyContent": "space-between",
                  "minHeight": 48,
                  "paddingHorizontal": 8,
                  "width": 300,
                },
              ]
            }
            width={300}
          >
            <TextInput
              autoFocus={false}
              editable={false}
              focusable={false}
              leftAccessory={[Function]}
              onBlur={[Function]}
              onChangeText={[Function]}
              onFocus={[Function]}
              placeholderTextColor="rgba(44,44,44,0.5)"
              rightAccessory={[Function]}
              style={
                [
                  {
                    "color": "#2C2C2C",
                    "fontFamily": "Rubik-Regular",
                    "fontSize": 16,
                    "height": 48,
                    "marginLeft": 8,
                    "marginRight": 4,
                    "width": "100%",
                  },
                ]
              }
              testID="DROPDOWN_PICKER_TEST_ID"
              value=""
            />
            <View
              collapsable={false}
              style={
                {
                  "transform": [
                    {
                      "rotate": "0deg",
                    },
                  ],
                }
              }
            >
              <test-file-stub
                fill="#2C2C2C"
                height={24}
                open={false}
                width={24}
              />
            </View>
          </View>
        </View>
        <View
          collapsable={false}
          style={
            {
              "backgroundColor": "#FFFFFF",
              "borderRadius": 7,
              "elevation": 4,
              "height": 0,
              "overflow": "hidden",
              "padding": 0,
              "position": "absolute",
              "shadowColor": "#4B7DE1",
              "shadowOffset": {
                "height": 0,
                "width": 0,
              },
              "shadowOpacity": 0.13,
              "shadowRadius": 40,
              "top": 8,
              "width": "100%",
            }
          }
          testID="DROPDOWN_PICKER_TEST_IDDROPDOWN_BODY"
        >
          <RCTScrollView
            ListEmptyComponent={<Memo(ListEmpty) />}
            data={[]}
            getItem={[Function]}
            getItemCount={[Function]}
            keyExtractor={[Function]}
            onContentSizeChange={[Function]}
            onLayout={[Function]}
            onMomentumScrollBegin={[Function]}
            onMomentumScrollEnd={[Function]}
            onScroll={[Function]}
            onScrollBeginDrag={[Function]}
            onScrollEndDrag={[Function]}
            removeClippedSubviews={false}
            renderItem={[Function]}
            scrollEventThrottle={16}
            stickyHeaderIndices={[]}
            testID="DROPDOWN_PICKER_TEST_IDDROPDOWN_LIST"
            viewabilityConfigCallbackPairs={[]}
          >
            <View>
              <View
                style={
                  [
                    {
                      "alignItems": "center",
                      "backgroundColor": "#FFFFFF",
                      "height": "100%",
                      "justifyContent": "center",
                      "paddingTop": 4,
                    },
                  ]
                }
              >
                <Text
                  fontFamily="Rubik-Regular"
                  fontSize={16}
                  lineHeight={20}
                  style={
                    [
                      {
                        "color": "#2C2C2C",
                        "fontFamily": "Rubik-Regular",
                        "fontSize": 16,
                        "lineHeight": 20,
                      },
                      {},
                    ]
                  }
                >
                  No Option found
                </Text>
              </View>
            </View>
          </RCTScrollView>
        </View>
      </View>
    </View>
    <View
      style={
        [
          {
            "borderColor": "#2C2C2C",
            "borderRadius": 4,
            "borderStyle": "dashed",
            "borderWidth": 1,
            "marginBottom": 24,
            "marginLeft": 24,
            "marginRight": 24,
            "marginTop": 24,
            "paddingBottom": 16,
            "paddingLeft": 16,
            "paddingRight": 16,
            "paddingTop": 16,
            "width": 370,
          },
        ]
      }
      width={370}
    >
      <Text
        fontFamily="Rubik-Bold"
        fontSize={16}
        lineHeight={20}
        style={
          [
            {
              "color": "#2C2C2C",
              "fontFamily": "Rubik-Bold",
              "fontSize": 16,
              "lineHeight": 20,
            },
            {
              "backgroundColor": "#DEDFE0",
              "left": 16,
              "paddingHorizontal": 8,
              "position": "absolute",
              "top": -12,
            },
          ]
        }
      >
        CreditCard DropDown List
      </Text>
      <View
        style={
          [
            {
              "width": 300,
            },
          ]
        }
        width={300}
      >
        <View
          onLayout={[Function]}
          style={
            [
              {
                "alignItems": "flex-start",
                "justifyContent": "flex-start",
              },
            ]
          }
        >
          <View
            accessibilityState={
              {
                "disabled": false,
              }
            }
            accessible={true}
            collapsable={false}
            color="rgba(199,199,210,0.5)"
            editable={true}
            focusable={true}
            onBlur={[Function]}
            onClick={[Function]}
            onFocus={[Function]}
            onResponderGrant={[Function]}
            onResponderMove={[Function]}
            onResponderRelease={[Function]}
            onResponderTerminate={[Function]}
            onResponderTerminationRequest={[Function]}
            onStartShouldSetResponder={[Function]}
            style={
              [
                {
                  "alignItems": "center",
                  "backgroundColor": "#FFFFFF",
                  "borderColor": "rgba(199,199,210,0.5)",
                  "borderRadius": 7,
                  "borderWidth": 1,
                  "flexDirection": "row",
                  "justifyContent": "space-between",
                  "minHeight": 48,
                  "paddingHorizontal": 8,
                  "width": 300,
                },
              ]
            }
            width={300}
          >
            <TextInput
              autoFocus={false}
              editable={false}
              focusable={false}
              leftAccessory={[Function]}
              onBlur={[Function]}
              onChangeText={[Function]}
              onFocus={[Function]}
              placeholderTextColor="rgba(44,44,44,0.5)"
              rightAccessory={[Function]}
              style={
                [
                  {
                    "color": "#2C2C2C",
                    "fontFamily": "Rubik-Regular",
                    "fontSize": 16,
                    "height": 48,
                    "marginLeft": 8,
                    "marginRight": 4,
                    "width": "100%",
                  },
                ]
              }
              testID="DROPDOWN_PICKER_TEST_ID"
              value=""
            />
            <View
              collapsable={false}
              style={
                {
                  "transform": [
                    {
                      "rotate": "0deg",
                    },
                  ],
                }
              }
            >
              <test-file-stub
                fill="#2C2C2C"
                height={24}
                open={false}
                width={24}
              />
            </View>
          </View>
        </View>
        <View
          collapsable={false}
          style={
            {
              "backgroundColor": "#FFFFFF",
              "borderRadius": 7,
              "elevation": 4,
              "height": 0,
              "overflow": "hidden",
              "padding": 0,
              "position": "absolute",
              "shadowColor": "#4B7DE1",
              "shadowOffset": {
                "height": 0,
                "width": 0,
              },
              "shadowOpacity": 0.13,
              "shadowRadius": 40,
              "top": 8,
              "width": "100%",
            }
          }
          testID="DROPDOWN_PICKER_TEST_IDDROPDOWN_BODY"
        >
          <RCTScrollView
            ListEmptyComponent={<Memo(ListEmpty) />}
            data={
              [
                {
                  "id": "12",
                  "label": "1234 5678 9012 3456",
                  "value": "option1",
                },
                {
                  "id": "13",
                  "label": "4556 4316 7964 9464",
                  "value": "option2",
                },
                {
                  "id": "14",
                  "label": "5105 1407 4537 9435",
                  "value": "option3",
                },
                {
                  "id": "15",
                  "label": "4716 2236 1238 9424",
                  "value": "option4",
                },
                {
                  "id": "16",
                  "label": "4556 3460 3521 8822",
                  "value": "option5",
                },
                {
                  "id": "17",
                  "label": "5113 7282 6667 0438",
                  "value": "option6",
                },
              ]
            }
            getItem={[Function]}
            getItemCount={[Function]}
            keyExtractor={[Function]}
            onContentSizeChange={[Function]}
            onLayout={[Function]}
            onMomentumScrollBegin={[Function]}
            onMomentumScrollEnd={[Function]}
            onScroll={[Function]}
            onScrollBeginDrag={[Function]}
            onScrollEndDrag={[Function]}
            removeClippedSubviews={false}
            renderItem={[Function]}
            scrollEventThrottle={16}
            stickyHeaderIndices={[]}
            testID="DROPDOWN_PICKER_TEST_IDDROPDOWN_LIST"
            viewabilityConfigCallbackPairs={[]}
          >
            <View>
              <View
                onLayout={[Function]}
                style={null}
              >
                <View
                  accessible={true}
                  collapsable={false}
                  focusable={true}
                  onClick={[Function]}
                  onResponderGrant={[Function]}
                  onResponderMove={[Function]}
                  onResponderRelease={[Function]}
                  onResponderTerminate={[Function]}
                  onResponderTerminationRequest={[Function]}
                  onStartShouldSetResponder={[Function]}
                  style={
                    {
                      "justifyContent": "center",
                      "opacity": 1,
                    }
                  }
                  testID="DROPDOWN_PICKER_TEST_IDDROPDOWN_LIST-list-item-0"
                >
                  <View
                    style={
                      [
                        {
                          "alignItems": "center",
                          "flexDirection": "row",
                          "height": 40,
                        },
                      ]
                    }
                  >
                    <Text
                      fontFamily="Rubik-Regular"
                      fontSize={16}
                      lineHeight={20}
                      style={
                        [
                          {
                            "color": "#2C2C2C",
                            "fontFamily": "Rubik-Regular",
                            "fontSize": 16,
                            "lineHeight": 20,
                          },
                        ]
                      }
                    >
                      1234 XXXX XXXX 3456
                    </Text>
                  </View>
                </View>
              </View>
              <View
                onLayout={[Function]}
                style={null}
              >
                <View
                  accessible={true}
                  collapsable={false}
                  focusable={true}
                  onClick={[Function]}
                  onResponderGrant={[Function]}
                  onResponderMove={[Function]}
                  onResponderRelease={[Function]}
                  onResponderTerminate={[Function]}
                  onResponderTerminationRequest={[Function]}
                  onStartShouldSetResponder={[Function]}
                  style={
                    {
                      "justifyContent": "center",
                      "opacity": 1,
                    }
                  }
                  testID="DROPDOWN_PICKER_TEST_IDDROPDOWN_LIST-list-item-1"
                >
                  <View
                    style={
                      [
                        {
                          "alignItems": "center",
                          "flexDirection": "row",
                          "height": 40,
                        },
                      ]
                    }
                  >
                    <Text
                      fontFamily="Rubik-Regular"
                      fontSize={16}
                      lineHeight={20}
                      style={
                        [
                          {
                            "color": "#2C2C2C",
                            "fontFamily": "Rubik-Regular",
                            "fontSize": 16,
                            "lineHeight": 20,
                          },
                        ]
                      }
                    >
                      4556 XXXX XXXX 9464
                    </Text>
                  </View>
                </View>
              </View>
              <View
                onLayout={[Function]}
                style={null}
              >
                <View
                  accessible={true}
                  collapsable={false}
                  focusable={true}
                  onClick={[Function]}
                  onResponderGrant={[Function]}
                  onResponderMove={[Function]}
                  onResponderRelease={[Function]}
                  onResponderTerminate={[Function]}
                  onResponderTerminationRequest={[Function]}
                  onStartShouldSetResponder={[Function]}
                  style={
                    {
                      "justifyContent": "center",
                      "opacity": 1,
                    }
                  }
                  testID="DROPDOWN_PICKER_TEST_IDDROPDOWN_LIST-list-item-2"
                >
                  <View
                    style={
                      [
                        {
                          "alignItems": "center",
                          "flexDirection": "row",
                          "height": 40,
                        },
                      ]
                    }
                  >
                    <Text
                      fontFamily="Rubik-Regular"
                      fontSize={16}
                      lineHeight={20}
                      style={
                        [
                          {
                            "color": "#2C2C2C",
                            "fontFamily": "Rubik-Regular",
                            "fontSize": 16,
                            "lineHeight": 20,
                          },
                        ]
                      }
                    >
                      5105 XXXX XXXX 9435
                    </Text>
                  </View>
                </View>
              </View>
              <View
                onLayout={[Function]}
                style={null}
              >
                <View
                  accessible={true}
                  collapsable={false}
                  focusable={true}
                  onClick={[Function]}
                  onResponderGrant={[Function]}
                  onResponderMove={[Function]}
                  onResponderRelease={[Function]}
                  onResponderTerminate={[Function]}
                  onResponderTerminationRequest={[Function]}
                  onStartShouldSetResponder={[Function]}
                  style={
                    {
                      "justifyContent": "center",
                      "opacity": 1,
                    }
                  }
                  testID="DROPDOWN_PICKER_TEST_IDDROPDOWN_LIST-list-item-3"
                >
                  <View
                    style={
                      [
                        {
                          "alignItems": "center",
                          "flexDirection": "row",
                          "height": 40,
                        },
                      ]
                    }
                  >
                    <Text
                      fontFamily="Rubik-Regular"
                      fontSize={16}
                      lineHeight={20}
                      style={
                        [
                          {
                            "color": "#2C2C2C",
                            "fontFamily": "Rubik-Regular",
                            "fontSize": 16,
                            "lineHeight": 20,
                          },
                        ]
                      }
                    >
                      4716 XXXX XXXX 9424
                    </Text>
                  </View>
                </View>
              </View>
              <View
                onLayout={[Function]}
                style={null}
              >
                <View
                  accessible={true}
                  collapsable={false}
                  focusable={true}
                  onClick={[Function]}
                  onResponderGrant={[Function]}
                  onResponderMove={[Function]}
                  onResponderRelease={[Function]}
                  onResponderTerminate={[Function]}
                  onResponderTerminationRequest={[Function]}
                  onStartShouldSetResponder={[Function]}
                  style={
                    {
                      "justifyContent": "center",
                      "opacity": 1,
                    }
                  }
                  testID="DROPDOWN_PICKER_TEST_IDDROPDOWN_LIST-list-item-4"
                >
                  <View
                    style={
                      [
                        {
                          "alignItems": "center",
                          "flexDirection": "row",
                          "height": 40,
                        },
                      ]
                    }
                  >
                    <Text
                      fontFamily="Rubik-Regular"
                      fontSize={16}
                      lineHeight={20}
                      style={
                        [
                          {
                            "color": "#2C2C2C",
                            "fontFamily": "Rubik-Regular",
                            "fontSize": 16,
                            "lineHeight": 20,
                          },
                        ]
                      }
                    >
                      4556 XXXX XXXX 8822
                    </Text>
                  </View>
                </View>
              </View>
              <View
                onLayout={[Function]}
                style={null}
              >
                <View
                  accessible={true}
                  collapsable={false}
                  focusable={true}
                  onClick={[Function]}
                  onResponderGrant={[Function]}
                  onResponderMove={[Function]}
                  onResponderRelease={[Function]}
                  onResponderTerminate={[Function]}
                  onResponderTerminationRequest={[Function]}
                  onStartShouldSetResponder={[Function]}
                  style={
                    {
                      "justifyContent": "center",
                      "opacity": 1,
                    }
                  }
                  testID="DROPDOWN_PICKER_TEST_IDDROPDOWN_LIST-list-item-5"
                >
                  <View
                    style={
                      [
                        {
                          "alignItems": "center",
                          "flexDirection": "row",
                          "height": 40,
                        },
                      ]
                    }
                  >
                    <Text
                      fontFamily="Rubik-Regular"
                      fontSize={16}
                      lineHeight={20}
                      style={
                        [
                          {
                            "color": "#2C2C2C",
                            "fontFamily": "Rubik-Regular",
                            "fontSize": 16,
                            "lineHeight": 20,
                          },
                        ]
                      }
                    >
                      5113 XXXX XXXX 0438
                    </Text>
                  </View>
                </View>
              </View>
            </View>
          </RCTScrollView>
        </View>
      </View>
    </View>
    <View
      style={
        [
          {
            "borderColor": "#2C2C2C",
            "borderRadius": 4,
            "borderStyle": "dashed",
            "borderWidth": 1,
            "marginBottom": 24,
            "marginLeft": 24,
            "marginRight": 24,
            "marginTop": 24,
            "paddingBottom": 16,
            "paddingLeft": 16,
            "paddingRight": 16,
            "paddingTop": 16,
            "width": 370,
          },
        ]
      }
      width={370}
    >
      <Text
        fontFamily="Rubik-Bold"
        fontSize={16}
        lineHeight={20}
        style={
          [
            {
              "color": "#2C2C2C",
              "fontFamily": "Rubik-Bold",
              "fontSize": 16,
              "lineHeight": 20,
            },
            {
              "backgroundColor": "#DEDFE0",
              "left": 16,
              "paddingHorizontal": 8,
              "position": "absolute",
              "top": -12,
            },
          ]
        }
      >
        Currency DropDown List
      </Text>
      <View
        style={
          [
            {
              "width": 300,
            },
          ]
        }
        width={300}
      >
        <View
          onLayout={[Function]}
          style={
            [
              {
                "alignItems": "flex-start",
                "justifyContent": "flex-start",
              },
            ]
          }
        >
          <View
            accessibilityState={
              {
                "disabled": false,
              }
            }
            accessible={true}
            collapsable={false}
            color="rgba(199,199,210,0.5)"
            editable={true}
            focusable={true}
            onBlur={[Function]}
            onClick={[Function]}
            onFocus={[Function]}
            onResponderGrant={[Function]}
            onResponderMove={[Function]}
            onResponderRelease={[Function]}
            onResponderTerminate={[Function]}
            onResponderTerminationRequest={[Function]}
            onStartShouldSetResponder={[Function]}
            style={
              [
                {
                  "alignItems": "center",
                  "backgroundColor": "#FFFFFF",
                  "borderColor": "rgba(199,199,210,0.5)",
                  "borderRadius": 7,
                  "borderWidth": 1,
                  "flexDirection": "row",
                  "justifyContent": "space-between",
                  "minHeight": 48,
                  "paddingHorizontal": 8,
                  "width": 300,
                },
              ]
            }
            width={300}
          >
            <TextInput
              autoFocus={false}
              editable={false}
              focusable={false}
              leftAccessory={[Function]}
              onBlur={[Function]}
              onChangeText={[Function]}
              onFocus={[Function]}
              placeholderTextColor="rgba(44,44,44,0.5)"
              rightAccessory={[Function]}
              style={
                [
                  {
                    "color": "#2C2C2C",
                    "fontFamily": "Rubik-Regular",
                    "fontSize": 16,
                    "height": 48,
                    "marginLeft": 8,
                    "marginRight": 4,
                    "width": "100%",
                  },
                ]
              }
              testID="DROPDOWN_PICKER_TEST_ID"
              value=""
            />
            <View
              collapsable={false}
              style={
                {
                  "transform": [
                    {
                      "rotate": "0deg",
                    },
                  ],
                }
              }
            >
              <test-file-stub
                fill="#2C2C2C"
                height={24}
                open={false}
                width={24}
              />
            </View>
          </View>
        </View>
        <View
          collapsable={false}
          style={
            {
              "backgroundColor": "#FFFFFF",
              "borderRadius": 7,
              "elevation": 4,
              "height": 0,
              "overflow": "hidden",
              "padding": 0,
              "position": "absolute",
              "shadowColor": "#4B7DE1",
              "shadowOffset": {
                "height": 0,
                "width": 0,
              },
              "shadowOpacity": 0.13,
              "shadowRadius": 40,
              "top": 8,
              "width": "100%",
            }
          }
          testID="DROPDOWN_PICKER_TEST_IDDROPDOWN_BODY"
        >
          <RCTScrollView
            ListEmptyComponent={<Memo(ListEmpty) />}
            data={
              [
                {
                  "icon": <Memo(Avatar)
                    size={27}
                    uri="https://www.countryflagicons.com/SHINY/64/TN.png"
                  />,
                  "id": "12",
                  "label": "TND",
                  "value": "option1",
                },
                {
                  "icon": <Memo(Avatar)
                    size={27}
                    uri="https://www.countryflagicons.com/SHINY/64/US.png"
                  />,
                  "id": "13",
                  "label": "US Dollar",
                  "value": "option2",
                },
                {
                  "icon": <Memo(Avatar)
                    size={27}
                    uri="https://www.countryflagicons.com/SHINY/64/EU.png"
                  />,
                  "id": "14",
                  "label": "EURO",
                  "value": "option3",
                },
              ]
            }
            getItem={[Function]}
            getItemCount={[Function]}
            keyExtractor={[Function]}
            onContentSizeChange={[Function]}
            onLayout={[Function]}
            onMomentumScrollBegin={[Function]}
            onMomentumScrollEnd={[Function]}
            onScroll={[Function]}
            onScrollBeginDrag={[Function]}
            onScrollEndDrag={[Function]}
            removeClippedSubviews={false}
            renderItem={[Function]}
            scrollEventThrottle={16}
            stickyHeaderIndices={[]}
            testID="DROPDOWN_PICKER_TEST_IDDROPDOWN_LIST"
            viewabilityConfigCallbackPairs={[]}
          >
            <View>
              <View
                onLayout={[Function]}
                style={null}
              >
                <View
                  accessible={true}
                  collapsable={false}
                  focusable={true}
                  onClick={[Function]}
                  onResponderGrant={[Function]}
                  onResponderMove={[Function]}
                  onResponderRelease={[Function]}
                  onResponderTerminate={[Function]}
                  onResponderTerminationRequest={[Function]}
                  onStartShouldSetResponder={[Function]}
                  style={
                    {
                      "justifyContent": "center",
                      "opacity": 1,
                    }
                  }
                  testID="DROPDOWN_PICKER_TEST_IDDROPDOWN_LIST-list-item-0"
                >
                  <View
                    style={
                      [
                        {
                          "alignItems": "center",
                          "flexDirection": "row",
                          "height": 40,
                        },
                      ]
                    }
                  >
                    <View
                      style={
                        [
                          {
                            "flexDirection": "row",
                            "height": 24,
                            "marginRight": 12,
                            "width": 24,
                          },
                        ]
                      }
                    >
                      <View
                        shape="Round"
                        size={27}
                        style={
                          [
                            {
                              "borderRadius": 13.5,
                              "height": 27,
                              "overflow": "hidden",
                              "width": 27,
                            },
                          ]
                        }
                      >
                        <Image
                          size={27}
                          source={
                            {
                              "uri": "https://www.countryflagicons.com/SHINY/64/TN.png",
                            }
                          }
                          style={
                            [
                              {
                                "height": 27,
                                "width": 27,
                              },
                            ]
                          }
                        />
                      </View>
                    </View>
                    <Text
                      fontFamily="Rubik-Regular"
                      fontSize={16}
                      lineHeight={20}
                      style={
                        [
                          {
                            "color": "#2C2C2C",
                            "fontFamily": "Rubik-Regular",
                            "fontSize": 16,
                            "lineHeight": 20,
                          },
                        ]
                      }
                    >
                      TND
                    </Text>
                  </View>
                </View>
              </View>
              <View
                onLayout={[Function]}
                style={null}
              >
                <View
                  accessible={true}
                  collapsable={false}
                  focusable={true}
                  onClick={[Function]}
                  onResponderGrant={[Function]}
                  onResponderMove={[Function]}
                  onResponderRelease={[Function]}
                  onResponderTerminate={[Function]}
                  onResponderTerminationRequest={[Function]}
                  onStartShouldSetResponder={[Function]}
                  style={
                    {
                      "justifyContent": "center",
                      "opacity": 1,
                    }
                  }
                  testID="DROPDOWN_PICKER_TEST_IDDROPDOWN_LIST-list-item-1"
                >
                  <View
                    style={
                      [
                        {
                          "alignItems": "center",
                          "flexDirection": "row",
                          "height": 40,
                        },
                      ]
                    }
                  >
                    <View
                      style={
                        [
                          {
                            "flexDirection": "row",
                            "height": 24,
                            "marginRight": 12,
                            "width": 24,
                          },
                        ]
                      }
                    >
                      <View
                        shape="Round"
                        size={27}
                        style={
                          [
                            {
                              "borderRadius": 13.5,
                              "height": 27,
                              "overflow": "hidden",
                              "width": 27,
                            },
                          ]
                        }
                      >
                        <Image
                          size={27}
                          source={
                            {
                              "uri": "https://www.countryflagicons.com/SHINY/64/US.png",
                            }
                          }
                          style={
                            [
                              {
                                "height": 27,
                                "width": 27,
                              },
                            ]
                          }
                        />
                      </View>
                    </View>
                    <Text
                      fontFamily="Rubik-Regular"
                      fontSize={16}
                      lineHeight={20}
                      style={
                        [
                          {
                            "color": "#2C2C2C",
                            "fontFamily": "Rubik-Regular",
                            "fontSize": 16,
                            "lineHeight": 20,
                          },
                        ]
                      }
                    >
                      US Dollar
                    </Text>
                  </View>
                </View>
              </View>
              <View
                onLayout={[Function]}
                style={null}
              >
                <View
                  accessible={true}
                  collapsable={false}
                  focusable={true}
                  onClick={[Function]}
                  onResponderGrant={[Function]}
                  onResponderMove={[Function]}
                  onResponderRelease={[Function]}
                  onResponderTerminate={[Function]}
                  onResponderTerminationRequest={[Function]}
                  onStartShouldSetResponder={[Function]}
                  style={
                    {
                      "justifyContent": "center",
                      "opacity": 1,
                    }
                  }
                  testID="DROPDOWN_PICKER_TEST_IDDROPDOWN_LIST-list-item-2"
                >
                  <View
                    style={
                      [
                        {
                          "alignItems": "center",
                          "flexDirection": "row",
                          "height": 40,
                        },
                      ]
                    }
                  >
                    <View
                      style={
                        [
                          {
                            "flexDirection": "row",
                            "height": 24,
                            "marginRight": 12,
                            "width": 24,
                          },
                        ]
                      }
                    >
                      <View
                        shape="Round"
                        size={27}
                        style={
                          [
                            {
                              "borderRadius": 13.5,
                              "height": 27,
                              "overflow": "hidden",
                              "width": 27,
                            },
                          ]
                        }
                      >
                        <Image
                          size={27}
                          source={
                            {
                              "uri": "https://www.countryflagicons.com/SHINY/64/EU.png",
                            }
                          }
                          style={
                            [
                              {
                                "height": 27,
                                "width": 27,
                              },
                            ]
                          }
                        />
                      </View>
                    </View>
                    <Text
                      fontFamily="Rubik-Regular"
                      fontSize={16}
                      lineHeight={20}
                      style={
                        [
                          {
                            "color": "#2C2C2C",
                            "fontFamily": "Rubik-Regular",
                            "fontSize": 16,
                            "lineHeight": 20,
                          },
                        ]
                      }
                    >
                      EURO
                    </Text>
                  </View>
                </View>
              </View>
            </View>
          </RCTScrollView>
        </View>
      </View>
    </View>
  </View>
</View>
`;
