// Jest Snapshot v1, https://goo.gl/fbAQLP

exports[`LabelButton tests LabelButton snapshot test 1`] = `
<View
  style={
    [
      {
        "backgroundColor": "#FFFFFF",
        "flexBasis": 0,
        "flexGrow": 1,
        "flexShrink": 1,
        "minHeight": 600,
        "paddingBottom": 16,
        "paddingLeft": 16,
        "paddingRight": 16,
        "paddingTop": 16,
      },
    ]
  }
>
  <View
    style={
      [
        {
          "borderColor": "#2C2C2C",
          "borderRadius": 4,
          "borderStyle": "dashed",
          "borderWidth": 1,
          "marginBottom": 24,
          "marginLeft": 24,
          "marginRight": 24,
          "marginTop": 24,
          "paddingBottom": 16,
          "paddingLeft": 16,
          "paddingRight": 16,
          "paddingTop": 16,
          "width": 370,
        },
      ]
    }
    width={370}
  >
    <View
      accessibilityState={
        {
          "disabled": false,
        }
      }
      accessible={true}
      collapsable={false}
      focusable={true}
      onClick={[Function]}
      onResponderGrant={[Function]}
      onResponderMove={[Function]}
      onResponderRelease={[Function]}
      onResponderTerminate={[Function]}
      onResponderTerminationRequest={[Function]}
      onStartShouldSetResponder={[Function]}
      style={
        {
          "alignSelf": "flex-start",
          "opacity": 1,
          "paddingHorizontal": 8,
          "paddingVertical": 4,
        }
      }
    >
      <Text
        buttonVariant="Regular"
        disabled={false}
        fontFamily="Rubik-Bold"
        fontSize={18}
        lineHeight={24}
        style={
          [
            {
              "color": "#2C2C2C",
              "fontFamily": "Rubik-Bold",
              "fontSize": 18,
              "lineHeight": 24,
            },
            {
              "textDecorationLine": "none",
            },
          ]
        }
        underline={false}
      >
        Label Button Text
      </Text>
    </View>
  </View>
</View>
`;
