// Jest Snapshot v1, https://goo.gl/fbAQLP

exports[`Slider tests TextInputField snapshot test 1`] = `
<View
  style={
    [
      {
        "backgroundColor": "#FFFFFF",
        "flexBasis": 0,
        "flexGrow": 1,
        "flexShrink": 1,
        "minHeight": 600,
        "paddingBottom": 16,
        "paddingLeft": 16,
        "paddingRight": 16,
        "paddingTop": 16,
      },
    ]
  }
>
  <Text
    fontFamily="Rubik-Bold"
    fontSize={20}
    lineHeight={26}
    style={
      [
        {
          "color": "#2C2C2C",
          "fontFamily": "Rubik-Bold",
          "fontSize": 20,
          "lineHeight": 26,
        },
        {
          "marginBottom": 24,
        },
      ]
    }
  >
    Text Input Field:
  </Text>
  <View
    style={
      [
        {
          "borderColor": "#2C2C2C",
          "borderRadius": 4,
          "borderStyle": "dashed",
          "borderWidth": 1,
          "marginBottom": 24,
          "marginLeft": 24,
          "marginRight": 24,
          "marginTop": 24,
          "paddingBottom": 16,
          "paddingLeft": 16,
          "paddingRight": 16,
          "paddingTop": 16,
          "width": 370,
        },
      ]
    }
    width={370}
  >
    <View
      style={
        [
          {
            "alignItems": "flex-start",
            "justifyContent": "flex-start",
          },
        ]
      }
    >
      <View
        color="rgba(199,199,210,0.5)"
        editable={true}
        style={
          [
            {
              "alignItems": "center",
              "backgroundColor": "#FFFFFF",
              "borderColor": "rgba(199,199,210,0.5)",
              "borderRadius": 7,
              "borderWidth": 1,
              "justifyContent": "space-between",
              "minHeight": 48,
              "paddingHorizontal": 8,
              "width": 300,
            },
          ]
        }
        width={300}
      >
        <TextInput
          autoFocus={false}
          editable={true}
          multiline={false}
          onBlur={[Function]}
          onChangeText={[Function]}
          onFocus={[Function]}
          placeholder="Placeholder"
          placeholderTextColor="rgba(44,44,44,0.5)"
          style={
            [
              {
                "color": "#2C2C2C",
                "fontFamily": "Rubik-Regular",
                "fontSize": 16,
                "height": 48,
                "marginLeft": 8,
                "width": "100%",
              },
            ]
          }
          value=""
        />
      </View>
    </View>
  </View>
  <View
    style={
      [
        {
          "flexDirection": "row",
        },
      ]
    }
  >
    <View
      style={
        [
          {
            "borderColor": "#2C2C2C",
            "borderRadius": 4,
            "borderStyle": "dashed",
            "borderWidth": 1,
            "marginBottom": 24,
            "marginLeft": 24,
            "marginRight": 24,
            "marginTop": 24,
            "paddingBottom": 16,
            "paddingLeft": 16,
            "paddingRight": 16,
            "paddingTop": 16,
            "width": 370,
          },
        ]
      }
      width={370}
    >
      <Text
        fontFamily="Rubik-Bold"
        fontSize={16}
        lineHeight={20}
        style={
          [
            {
              "color": "#2C2C2C",
              "fontFamily": "Rubik-Bold",
              "fontSize": 16,
              "lineHeight": 20,
            },
            {
              "backgroundColor": "#DEDFE0",
              "left": 16,
              "paddingHorizontal": 8,
              "position": "absolute",
              "top": -12,
            },
          ]
        }
      >
        Disabled input field with text:
      </Text>
      <View
        style={
          [
            {
              "alignItems": "flex-start",
              "justifyContent": "flex-start",
            },
          ]
        }
      >
        <Text
          fontFamily="Rubik-Medium"
          fontSize={12}
          lineHeight={18}
          style={
            [
              {
                "color": "#2C2C2C",
                "fontFamily": "Rubik-Medium",
                "fontSize": 12,
                "lineHeight": 18,
              },
            ]
          }
        >
          disabled Text input
        </Text>
        <View
          color="rgba(199,199,210,0.5)"
          editable={false}
          style={
            [
              {
                "alignItems": "center",
                "backgroundColor": "rgba(199,199,210,0.2)",
                "borderColor": "transparent",
                "borderRadius": 7,
                "borderWidth": 1,
                "justifyContent": "space-between",
                "minHeight": 48,
                "paddingHorizontal": 8,
                "width": 300,
              },
            ]
          }
          width={300}
        >
          <TextInput
            autoFocus={false}
            editable={false}
            multiline={false}
            onBlur={[Function]}
            onChangeText={[Function]}
            onFocus={[Function]}
            placeholder="Placeholder"
            placeholderTextColor="rgba(44,44,44,0.5)"
            style={
              [
                {
                  "color": "#2C2C2C",
                  "fontFamily": "Rubik-Medium",
                  "fontSize": 16,
                  "height": 48,
                  "marginLeft": 8,
                  "width": "100%",
                },
              ]
            }
            value="Value"
          />
        </View>
      </View>
    </View>
    <View
      style={
        [
          {
            "borderColor": "#2C2C2C",
            "borderRadius": 4,
            "borderStyle": "dashed",
            "borderWidth": 1,
            "marginBottom": 24,
            "marginLeft": 24,
            "marginRight": 24,
            "marginTop": 24,
            "paddingBottom": 16,
            "paddingLeft": 16,
            "paddingRight": 16,
            "paddingTop": 16,
            "width": 370,
          },
        ]
      }
      width={370}
    >
      <Text
        fontFamily="Rubik-Bold"
        fontSize={16}
        lineHeight={20}
        style={
          [
            {
              "color": "#2C2C2C",
              "fontFamily": "Rubik-Bold",
              "fontSize": 16,
              "lineHeight": 20,
            },
            {
              "backgroundColor": "#DEDFE0",
              "left": 16,
              "paddingHorizontal": 8,
              "position": "absolute",
              "top": -12,
            },
          ]
        }
      >
        Success input field with text:
      </Text>
      <View
        style={
          [
            {
              "alignItems": "flex-start",
              "justifyContent": "flex-start",
            },
          ]
        }
      >
        <Text
          fontFamily="Rubik-Medium"
          fontSize={12}
          lineHeight={18}
          style={
            [
              {
                "color": "#2C2C2C",
                "fontFamily": "Rubik-Medium",
                "fontSize": 12,
                "lineHeight": 18,
              },
            ]
          }
        >
          success Text input
        </Text>
        <View
          color="rgba(28,197,119,0.5)"
          editable={true}
          style={
            [
              {
                "alignItems": "center",
                "backgroundColor": "#FFFFFF",
                "borderColor": "rgba(28,197,119,0.5)",
                "borderRadius": 7,
                "borderWidth": 1,
                "justifyContent": "space-between",
                "minHeight": 48,
                "paddingHorizontal": 8,
                "width": 300,
              },
            ]
          }
          width={300}
        >
          <TextInput
            autoFocus={false}
            editable={true}
            multiline={false}
            onBlur={[Function]}
            onChangeText={[Function]}
            onFocus={[Function]}
            placeholder="Placeholder"
            placeholderTextColor="rgba(44,44,44,0.5)"
            style={
              [
                {
                  "color": "#2C2C2C",
                  "fontFamily": "Rubik-Medium",
                  "fontSize": 16,
                  "height": 48,
                  "marginLeft": 8,
                  "width": "100%",
                },
              ]
            }
            value="Success Value"
          />
        </View>
      </View>
    </View>
  </View>
  <View
    style={
      [
        {
          "flexDirection": "row",
        },
      ]
    }
  >
    <View
      style={
        [
          {
            "borderColor": "#2C2C2C",
            "borderRadius": 4,
            "borderStyle": "dashed",
            "borderWidth": 1,
            "marginBottom": 24,
            "marginLeft": 24,
            "marginRight": 24,
            "marginTop": 24,
            "paddingBottom": 16,
            "paddingLeft": 16,
            "paddingRight": 16,
            "paddingTop": 16,
            "width": 370,
          },
        ]
      }
      width={370}
    >
      <Text
        fontFamily="Rubik-Bold"
        fontSize={16}
        lineHeight={20}
        style={
          [
            {
              "color": "#2C2C2C",
              "fontFamily": "Rubik-Bold",
              "fontSize": 16,
              "lineHeight": 20,
            },
            {
              "backgroundColor": "#DEDFE0",
              "left": 16,
              "paddingHorizontal": 8,
              "position": "absolute",
              "top": -12,
            },
          ]
        }
      >
        Error input field with text:
      </Text>
      <View
        style={
          [
            {
              "alignItems": "flex-start",
              "justifyContent": "flex-start",
            },
          ]
        }
      >
        <Text
          fontFamily="Rubik-Medium"
          fontSize={12}
          lineHeight={18}
          style={
            [
              {
                "color": "#2C2C2C",
                "fontFamily": "Rubik-Medium",
                "fontSize": 12,
                "lineHeight": 18,
              },
            ]
          }
        >
          Error Text input
        </Text>
        <View
          color="rgba(255,59,59,0.5)"
          editable={true}
          style={
            [
              {
                "alignItems": "center",
                "backgroundColor": "#FFFFFF",
                "borderColor": "rgba(255,59,59,0.5)",
                "borderRadius": 7,
                "borderWidth": 1,
                "justifyContent": "space-between",
                "minHeight": 48,
                "paddingHorizontal": 8,
                "width": 300,
              },
            ]
          }
          width={300}
        >
          <TextInput
            autoFocus={false}
            editable={true}
            multiline={false}
            onBlur={[Function]}
            onChangeText={[Function]}
            onFocus={[Function]}
            placeholder="Placeholder"
            placeholderTextColor="rgba(44,44,44,0.5)"
            style={
              [
                {
                  "color": "#2C2C2C",
                  "fontFamily": "Rubik-Regular",
                  "fontSize": 16,
                  "height": 48,
                  "marginLeft": 8,
                  "width": "100%",
                },
              ]
            }
            value=""
          />
        </View>
        <Text
          fontFamily="Rubik-Regular"
          fontSize={12}
          lineHeight={18}
          style={
            [
              {
                "color": "#2C2C2C",
                "fontFamily": "Rubik-Regular",
                "fontSize": 12,
                "lineHeight": 18,
              },
              {
                "color": "#FF3B3B",
                "marginTop": 4,
              },
            ]
          }
        >
          Oops! Somethings not right here.
        </Text>
      </View>
    </View>
    <View
      style={
        [
          {
            "borderColor": "#2C2C2C",
            "borderRadius": 4,
            "borderStyle": "dashed",
            "borderWidth": 1,
            "marginBottom": 24,
            "marginLeft": 24,
            "marginRight": 24,
            "marginTop": 24,
            "paddingBottom": 16,
            "paddingLeft": 16,
            "paddingRight": 16,
            "paddingTop": 16,
            "width": 370,
          },
        ]
      }
      width={370}
    >
      <Text
        fontFamily="Rubik-Bold"
        fontSize={16}
        lineHeight={20}
        style={
          [
            {
              "color": "#2C2C2C",
              "fontFamily": "Rubik-Bold",
              "fontSize": 16,
              "lineHeight": 20,
            },
            {
              "backgroundColor": "#DEDFE0",
              "left": 16,
              "paddingHorizontal": 8,
              "position": "absolute",
              "top": -12,
            },
          ]
        }
      >
        Text Box:
      </Text>
      <View
        style={
          [
            {
              "alignItems": "flex-start",
              "justifyContent": "flex-start",
            },
          ]
        }
      >
        <Text
          fontFamily="Rubik-Medium"
          fontSize={12}
          lineHeight={18}
          style={
            [
              {
                "color": "#2C2C2C",
                "fontFamily": "Rubik-Medium",
                "fontSize": 12,
                "lineHeight": 18,
              },
            ]
          }
        >
          Text box
        </Text>
        <View
          color="rgba(199,199,210,0.5)"
          editable={true}
          style={
            [
              {
                "alignItems": "center",
                "backgroundColor": "#FFFFFF",
                "borderColor": "rgba(199,199,210,0.5)",
                "borderRadius": 7,
                "borderWidth": 1,
                "justifyContent": "space-between",
                "minHeight": 48,
                "paddingHorizontal": 8,
                "width": 300,
              },
            ]
          }
          width={300}
        >
          <TextInput
            autoFocus={false}
            editable={true}
            multiline={true}
            onBlur={[Function]}
            onChangeText={[Function]}
            onFocus={[Function]}
            placeholder="Message"
            placeholderTextColor="rgba(44,44,44,0.5)"
            style={
              [
                {
                  "color": "#2C2C2C",
                  "fontFamily": "Rubik-Regular",
                  "fontSize": 16,
                  "height": 121,
                  "marginLeft": 8,
                  "marginVertical": 8,
                  "width": "100%",
                },
              ]
            }
            value=""
          />
        </View>
      </View>
    </View>
  </View>
</View>
`;
