// Jest Snapshot v1, https://goo.gl/fbAQLP

exports[`Checkbox tests Checkbox snapshot test 1`] = `
<View
  style={
    [
      {
        "backgroundColor": "#F2F3F4",
        "flexBasis": 0,
        "flexGrow": 1,
        "flexShrink": 1,
        "minHeight": 600,
        "paddingBottom": 16,
        "paddingLeft": 16,
        "paddingRight": 16,
        "paddingTop": 16,
      },
    ]
  }
>
  <Text
    fontFamily="Muli-Bold"
    fontSize={20}
    lineHeight={26}
    style={
      [
        {
          "color": "#222222",
          "fontFamily": "Muli-Bold",
          "fontSize": 20,
          "lineHeight": 26,
        },
        {
          "marginBottom": 24,
        },
      ]
    }
  >
    Checkbox:
  </Text>
  <View
    accessibilityState={
      {
        "disabled": true,
      }
    }
    accessible={true}
    collapsable={false}
    focusable={true}
    onClick={[Function]}
    onResponderGrant={[Function]}
    onResponderMove={[Function]}
    onResponderRelease={[Function]}
    onResponderTerminate={[Function]}
    onResponderTerminationRequest={[Function]}
    onStartShouldSetResponder={[Function]}
    style={
      {
        "alignItems": "center",
        "backgroundColor": "#FF8066",
        "borderColor": "#FF8066",
        "borderRadius": 10,
        "height": 20,
        "justifyContent": "center",
        "opacity": 1,
        "width": 20,
      }
    }
  >
    <test-file-stub
      fill="#FFFFFF"
      height={16}
      style={
        [
          {},
        ]
      }
      width={16}
    />
  </View>
</View>
`;
